// Jest Snapshot v1, https://goo.gl/fbAQLP

exports[`Header should render properly 1`] = `
.c4 {
  display: inline-block;
  line-height: 0;
}

.c4 svg {
  height: auto;
  max-height: 100%;
  width: 16px;
}

.c2 {
  -webkit-align-items: flex-start;
  -webkit-box-align: flex-start;
  -ms-flex-align: flex-start;
  align-items: flex-start;
  display: -webkit-inline-box;
  display: -webkit-inline-flex;
  display: -ms-inline-flexbox;
  display: inline-flex;
  font-size: 0;
}

.c2 svg {
  height: auto;
  max-height: 100%;
  width: 4.8rem;
}

.c0 {
  background-color: rgba(0,180,213,0.9);
  height: 70px;
  left: 0;
  position: fixed;
  right: 0;
  top: 0;
  z-index: 200;
}

.c0:before {
  background-color: #00b4d5;
  bottom: 0;
  content: '';
  height: 0.2rem;
  left: 0;
  position: absolute;
  right: 0;
}

.c1 {
  box-sizing: border-box;
  margin-left: auto;
  margin-right: auto;
  padding-left: 16px;
  padding-right: 16px;
  max-width: 1440px;
  position: relative;
  width: 100%;
  -webkit-align-items: center;
  -webkit-box-align: center;
  -ms-flex-align: center;
  align-items: center;
  display: -webkit-box;
  display: -webkit-flex;
  display: -ms-flexbox;
  display: flex;
  -webkit-flex-wrap: wrap;
  -ms-flex-wrap: wrap;
  flex-wrap: wrap;
  height: 100%;
  -webkit-box-pack: justify;
  -webkit-justify-content: space-between;
  -ms-flex-pack: justify;
  justify-content: space-between;
  padding-bottom: 8px;
  padding-top: 8px;
}

.c3 {
  -webkit-align-items: center;
  -webkit-box-align: center;
  -ms-flex-align: center;
  align-items: center;
  color: #333;
  display: -webkit-box;
  display: -webkit-flex;
  display: -ms-flexbox;
  display: flex;
  font-size: 1.3rem;
  padding: 8px;
}

.c3.active {
  color: #000;
}

.c3 span {
  display: inline-block;
  margin-right: 0.4rem;
  text-transform: uppercase;
}

@media (min-width:768px) {
  .c1 {
    padding-left: 32px;
    padding-right: 32px;
  }
}

@media (min-width:1024px) {
  .c3 {
    font-size: 1.6rem;
  }
}

<HeaderWrapper>
  <header
    className="c0"
  >
    <HeaderContainer
      verticalPadding={false}
    >
      <div
        className="c1"
      >
        <Logo>
          <div
            className="c2"
          >
            <SVGMock />
          </div>
        </Logo>
        <Logout
          onClick={[Function]}
        >
          <button
            className="c3"
            onClick={[Function]}
          >
            <span>
              logout
            </span>
            <IconWrapper
              src="/media/icons/sign-out.svg"
              width={16}
            >
              <span
                className="isvg loading c4"
              />
            </IconWrapper>
          </button>
        </Logout>
      </div>
    </HeaderContainer>
  </header>
</HeaderWrapper>
`;
