// Jest Snapshot v1, https://goo.gl/fbAQLP

exports[`Logo should render properly 1`] = `
.c0 {
  -webkit-align-items: flex-start;
  -webkit-box-align: flex-start;
  -ms-flex-align: flex-start;
  align-items: flex-start;
  display: -webkit-inline-box;
  display: -webkit-inline-flex;
  display: -ms-inline-flexbox;
  display: inline-flex;
  font-size: 0;
}

.c0 svg {
  height: auto;
  max-height: 100%;
  width: 4.8rem;
  -webkit-animation: rotation 5s infinite;
  -webkit-animation: rotation 5s infinite;
  animation: rotation 5s infinite;
}

<Logo>
  <div
    className="c0"
  >
    <SVGMock />
  </div>
</Logo>
`;
